go : # drivee-self-service/cmd/llm
строка:1 знак:1
+ go build ./cmd/llm 2>&1 | Tee-Object -FilePath build_errors.txt; Get- ...
+ ~~~~~~~~~~~~~~~~~~~~~~~
    + CategoryInfo          : NotSpecified: (# drivee-self-service/cmd/llm:String) [], RemoteException
    + FullyQualifiedErrorId : NativeCommandError
 
cmd\llm\main.go:893:2: declared and not used: groupBy
